WGUS43 KOAX 080400
FLWOAX

TEST...FLOOD WARNING...TEST
NATIONAL WEATHER SERVICE OMAHA/VALLEY NE
1000 PM CST MON FEB 7 2011



NEC025-153-081200-
/O.NEW.KOAX.FL.W.0001.110208T0400Z-110208T1200Z/
/00000.U.ER.110208T0401Z.110208T0759Z.110208T1159Z.NO/
CASS-SARPY-
INCLUDING THE CITIES OF PLATTSMOUTH...PAPILLION...BELLEVUE AND LA
VISTA
1000 PM CST MON FEB 7 2011

...FLOOD WARNING IN EFFECT FROM 10 PM MONDAY TO 6 AM CST
TUESDAY...

THE NATIONAL WEATHER SERVICE IN OMAHA/VALLEY HAS ISSUED A

* TEST FLOOD WARNING FOR EAST CENTRAL SARPY COUNTY IN EAST
CENTRAL 
  NEBRASKA NORTHEASTERN CASS COUNTY IN SOUTHEAST NEBRASKA .

* UNTIL 6 AM CST TUESDAY

* AT 1000 PM CST FLOODING FROM HEAVY RAIN. THIS RAIN WAS LOCATED
OVER THE WARNED AREA.

* |* (OPTIONAL) POTENTIAL IMPACTS OF FLOODING *|

PRECAUTIONARY/PREPAREDNESS ACTIONS...

STAY TUNED TO FURTHER DEVELOPMENTS BY LISTENING TO YOUR LOCAL
RADIO...  TELEVISION... OR NOAA WEATHER RADIO FOR FURTHER
INFORMATION.

&&

LAT...LON 4112 9594 4100 9587 4109 9599 4112 9594




$$



