WGUS83 KOAX 080400
FLSOAX

TEST...FLOOD STATEMENT...TEST
NATIONAL WEATHER SERVICE OMAHA/VALLEY NE
1000 PM CST MON FEB 7 2011



NEC025-153-081400-
/O.EXT.KOAX.FL.W.0001.000000T0000Z-110208T1400Z/
/00000.U.ER.110208T0401Z.110208T0759Z.110208T1159Z.NO/
CASS-SARPY-
INCLUDING THE CITIES OF PLATTSMOUTH...PAPILLION...BELLEVUE AND LA
VISTA
1000 PM CST MON FEB 7 2011

...FLOOD WARNING NOW IN EFFECT FROM 10 PM MONDAY TO 8 AM CST
TUESDAY...

THE NATIONAL WEATHER SERVICE IN OMAHA/VALLEY HAS EXTENDED THE 

*     EAST CENTRAL SARPY COUNTY IN EAST CENTRAL NEBRASKA
NORTHEASTERN 
  CASS COUNTY IN SOUTHEAST NEBRASKA .

* |* CURRENT HYDROMETEOROLOGICAL SITUATION AND EXPECTED IMPACTS
*|


PRECAUTIONARY/PREPAREDNESS ACTIONS...

STAY TUNED TO FURTHER DEVELOPMENTS BY LISTENING TO YOUR LOCAL
RADIO...  TELEVISION... OR NOAA WEATHER RADIO FOR FURTHER
INFORMATION.

&&

LAT...LON 4112 9594 4100 9587 4109 9599 4112 9594




$$



