WGUS63 KOAX 080400
FFAOAX

TEST...FLOOD WATCH...TEST
NATIONAL WEATHER SERVICE OMAHA/VALLEY NE
1000 PM CST MON FEB 7 2011

NEC025-153-081200-
/O.NEW.KOAX.FL.A.0001.110208T0400Z-110208T1200Z/
/00000.U.ER.000000T0000Z.000000T0000Z.000000T0000Z.NO/
CASS-SARPY-
INCLUDING THE CITIES OF PLATTSMOUTH...PAPILLION...BELLEVUE AND LA
VISTA
1000 PM CST MON FEB 7 2011

...FLOOD WATCH IN EFFECT FROM MONDAY EVENING THROUGH LATE MONDAY
NIGHT...

THE NATIONAL WEATHER SERVICE IN OMAHA/VALLEY HAS ISSUED A

* TEST FLOOD WATCH FOR PORTIONS OF EAST CENTRAL NEBRASKA AND 
  SOUTHEAST NEBRASKA...INCLUDING THE FOLLOWING COUNTIES...IN EAST
  CENTRAL NEBRASKA...SARPY. IN SOUTHEAST NEBRASKA...CASS.

* UNTIL 6 AM CST TUESDAY

* |* (OPTIONAL) POTENTIAL IMPACTS OF FLOODING *|

PRECAUTIONARY/PREPAREDNESS ACTIONS...

STAY TUNED TO FURTHER DEVELOPMENTS BY LISTENING TO YOUR LOCAL
RADIO...  TELEVISION... OR NOAA WEATHER RADIO FOR FURTHER
INFORMATION.

&&


$$



