WGUS53 KOAX 080400
FFWOAX
NEC025-153-081200-
/O.NEW.KOAX.FF.W.0001.110208T0400Z-110208T1200Z/
/00000.0.ER.000000T0000Z.000000T0000Z.000000T0000Z.OO/

BULLETIN - EAS ACTIVATION REQUESTED
TEST...FLASH FLOOD WARNING...TEST
NATIONAL WEATHER SERVICE OMAHA/VALLEY NE
1000 PM CST MON FEB 7 2011

THE NATIONAL WEATHER SERVICE IN OMAHA/VALLEY HAS ISSUED A

* TEST FLASH FLOOD WARNING FOR EAST CENTRAL SARPY COUNTY IN EAST 
  CENTRAL NEBRASKA NORTHEASTERN CASS COUNTY IN SOUTHEAST NEBRASKA
.

* UNTIL 6 AM CST TUESDAY

* AT 1000 PM CST...DOPPLER RADAR INDICATED HEAVY RAIN ACROSS THE
WARNED AREA. FLASH FLOODING IS EXPECTED TO BEGIN SHORTLY.

* SOME LOCATIONS THAT WILL EXPERIENCE FLASH FLOODING INCLUDE...
MAINLY RURAL AREAS OF THE AFOREMENTIONED AREAS.

LAT...LON 4112 9594 4100 9587 4109 9599 4112 9594




$$



