WGUS83 KOAX 080400
FLSOAX

TEST...FLOOD ADVISORY...TEST
NATIONAL WEATHER SERVICE OMAHA/VALLEY NE
1000 PM CST MON FEB 7 2011



NEC025-153-081200-
/O.NEW.KOAX.FA.Y.0001.110208T0400Z-110208T1200Z/
/00000.0.SM.000000T0000Z.000000T0000Z.000000T0000Z.OO/
CASS-SARPY-
INCLUDING THE CITIES OF PLATTSMOUTH...PAPILLION...BELLEVUE AND LA
VISTA
1000 PM CST MON FEB 7 2011

...AREAL FLOOD ADVISORY IN EFFECT FROM 10 PM MONDAY TO 6 AM CST
TUESDAY...

THE NATIONAL WEATHER SERVICE IN OMAHA/VALLEY HAS ISSUED A

* TEST AREAL FLOOD ADVISORY FOR EAST CENTRAL SARPY COUNTY IN EAST
  CENTRAL NEBRASKA NORTHEASTERN CASS COUNTY IN SOUTHEAST NEBRASKA
.

* UNTIL 6 AM CST TUESDAY

* AT 1000 PM CST...TRAINED WEATHER SPOTTERS REPORTED SNOW MELT IN
 BOULDER CREEK THAT WILL CAUSE MINOR FLOODING.

* |* (OPTIONAL) POTENTIAL IMPACTS OF FLOODING *|

PRECAUTIONARY/PREPAREDNESS ACTIONS...

A FLOOD ADVISORY MEANS RIVER OR STREAM FLOWS ARE ELEVATED...OR
PONDING   OF WATER IN URBAN OR OTHER AREAS IS OCCURRING OR IS
IMMINENT. DO NOT  ATTEMPT TO TRAVEL ACROSS FLOODED ROADS. FIND
ALTERNATE ROUTES. IT TAKES  ONLY A FEW INCHES OF SWIFTLY FLOWING
WATER TO CARRY VEHICLES AWAY.

LAT...LON 4112 9594 4100 9587 4109 9599 4112 9594




$$



