WGUS73 KOAX 080400
FFSOAX

Test...Flash Flood Statement...Test 
National Weather Service OMAHA/VALLEY NE
1000 PM CST Mon Feb 7 2011

NEC025-153-081202-
/O.CON.KOAX.FF.W.0002.000000T0000Z-110208T1200Z/
/00000.U.SM.000000T0000Z.000000T0000Z.000000T0000Z.OO/
Cass-Sarpy-
Including the cities of PAPILLION...BELLEVUE...LA VISTA and 
PLATTSMOUTH
1000 PM CST Mon Feb 7 2011

...FLASH FLOOD WARNING remains in effect from 10 PM Monday to 6 AM 
CST Tuesday...

|* Current hydrometeorological situation and expected impacts *| 

This is a test message. Do not take action based on this message. 

LAT...LON 4112 9594 4100 9587 4109 9599 4112 9594

$$


