WGUS53 KOAX 080400
FFWOAX

NEC025-153-081202-
/O.NEW.KOAX.FF.W.0001.110208T0400Z-110208T1200Z/
/00000.0.ER.000000T0000Z.000000T0000Z.000000T0000Z.OO/

Bulletin - EAS activation requested
Test...Flash Flood Warning...Test 
National Weather Service OMAHA/VALLEY NE
1000 PM CST Mon Feb 7 2011

...This message is for test purposes only... 

The National Weather Service in OMAHA/VALLEY has issued a

* This is a test message.  FLASH FLOOD WARNING for...
  Excessive rain in...
  East Central Sarpy County in East Central Nebraska...
  Northeastern Cass County in Southeast Nebraska...

* This is a test message.  Until 600 AM CST

* This is a test message.  At 1000 PM CST ...Doppler radar indicated 
  heavy rain across the warned area. Flash flooding is expected to 
  begin shortly.

* This is a test message.  Some locations that will experience flash 
  flooding include...mainly rural areas of the aforementioned areas.

This is a test message. Do not take action based on this message. 

LAT...LON 4112 9594 4100 9587 4109 9599 4112 9594

$$


