WGUS73 KOAX 080400
FFSOAX

TEST...FLASH FLOOD STATEMENT...TEST
NATIONAL WEATHER SERVICE OMAHA/VALLEY NE
1000 PM CST MON FEB  7 2011

NEC025-153-080415-
/O.CAN.KOAX.FF.W.0001.000000T0000Z-110208T1400Z/
/00000.0.ER.000000T0000Z.000000T0000Z.000000T0000Z.OO/
CASS-SARPY-
INCLUDING THE CITIES OF PLATTSMOUTH...PAPILLION...BELLEVUE AND LA
VISTA
1000 PM CST MON FEB  7 2011

...FLASH FLOOD WARNING IS CANCELLED...


|* BRIEF POST-SYNOPSIS OF HYDROMETEOROLOGICAL ACTIVITY *|

LAT...LON 4112 9594 4100 9587 4109 9599 4112 9594





