WGUS63 KOAX 080400
FFAOAX

URGENT - IMMEDIATE BROADCAST REQUESTED
TEST...FLOOD WATCH...TEST
NATIONAL WEATHER SERVICE OMAHA/VALLEY NE
1000 PM CST MON FEB 7 2011

NEC055-081200-
/O.EXA.KOAX.FF.A.0001.000000T0000Z-110208T1400Z/
/00000.0.ER.000000T0000Z.000000T0000Z.000000T0000Z.OO/
DOUGLAS-
INCLUDING THE CITIES OF OMAHA
1000 PM CST MON FEB 7 2011

...FLASH FLOOD WATCH IN EFFECT FROM MONDAY EVENING THROUGH
TUESDAY MORNING...

THE NATIONAL WEATHER SERVICE IN OMAHA/VALLEY HAS EXPANDED THE

*  A PORTION OF EAST CENTRAL NEBRASKA...INCLUDING THE FOLLOWING 
  COUNTY...DOUGLAS. 

* UNTIL 8 AM CST TUESDAY

* ENTER BASIS TEXT

* |* (OPTIONAL) POTENTIAL IMPACTS OF FLOODING *|


$$

NEC025-153-081200-
/O.CON.KOAX.FF.A.0001.000000T0000Z-110208T1400Z/
/00000.0.ER.000000T0000Z.000000T0000Z.000000T0000Z.OO/
CASS-SARPY-
INCLUDING THE CITIES OF PLATTSMOUTH...PAPILLION...BELLEVUE AND LA
VISTA
1000 PM CST MON FEB 7 2011

...FLASH FLOOD WATCH REMAINS IN EFFECT FROM MONDAY EVENING
THROUGH TUESDAY MORNING...

THE TEST FLASH FLOOD WATCH REMAINS IN EFFECT FOR

* PORTIONS OF EAST CENTRAL NEBRASKA AND SOUTHEAST NEBRASKA...
  INCLUDING THE FOLLOWING COUNTIES...IN EAST CENTRAL NEBRASKA...
  SARPY. IN SOUTHEAST NEBRASKA...CASS.

* UNTIL 8 AM CST TUESDAY

* ENTER BASIS TEXT

* |* (OPTIONAL) POTENTIAL IMPACTS OF FLOODING *|


$$



