WGUS63 KOAX 080400
FFAOAX

TEST...FLOOD WATCH...TEST
NATIONAL WEATHER SERVICE OMAHA/VALLEY NE
1000 PM CST MON FEB 7 2011



NEC025-153-081200-
/O.CON.KOAX.FF.A.0001.000000T0000Z-110208T1200Z/
/00000.0.ER.000000T0000Z.000000T0000Z.000000T0000Z.OO/
CASS-SARPY-
INCLUDING THE CITIES OF PLATTSMOUTH...PAPILLION...BELLEVUE AND LA
VISTA
1000 PM CST MON FEB 7 2011

...FLASH FLOOD WATCH REMAINS IN EFFECT FROM MONDAY EVENING
THROUGH LATE MONDAY NIGHT...

THE TEST FLASH FLOOD WATCH REMAINS IN EFFECT FOR

* PORTIONS OF EAST CENTRAL NEBRASKA AND SOUTHEAST NEBRASKA...
  INCLUDING THE FOLLOWING COUNTIES...IN EAST CENTRAL NEBRASKA...
  SARPY. IN SOUTHEAST NEBRASKA...CASS.

* UNTIL 6 AM CST TUESDAY

* ENTER BASIS TEXT

* |* (OPTIONAL) POTENTIAL IMPACTS OF FLOODING *|


$$



