WGUS83 KOAX 080400
FLSOAX

TEST...FLOOD ADVISORY...TEST
NATIONAL WEATHER SERVICE OMAHA/VALLEY NE
1000 PM CST MON FEB 7 2011

NEC025-153-081200-
/O.CON.KOAX.FL.Y.0001.000000T0000Z-110208T1200Z/
/00000.U.ER.110208T0401Z.110208T0759Z.110208T1159Z.NO/
CASS-SARPY-
INCLUDING THE CITIES OF PLATTSMOUTH...PAPILLION...BELLEVUE AND LA
VISTA
1000 PM CST MON FEB 7 2011

...FLOOD ADVISORY REMAINS IN EFFECT FROM 10 PM MONDAY TO 6 AM CST
TUESDAY...

THE TEST FLOOD ADVISORY REMAINS IN EFFECT FOR

* PORTIONS OF EAST CENTRAL NEBRASKA AND SOUTHEAST NEBRASKA...
  INCLUDING THE FOLLOWING COUNTIES...IN EAST CENTRAL NEBRASKA...
  SARPY. IN SOUTHEAST NEBRASKA...CASS.

* |* CURRENT HYDROMETEOROLOGICAL SITUATION AND EXPECTED IMPACTS
*|


PRECAUTIONARY/PREPAREDNESS ACTIONS...

MOTORISTS SHOULD NOT ATTEMPT TO DRIVE AROUND BARRICADES OR DRIVE
CARS THROUGH FLOODED AREAS.

&&

LAT...LON 4112 9594 4100 9587 4109 9599 4112 9594




$$



